2026-07-25 23:58:14 - INFO - Starting Job
2026-07-25 23:58:14 - WARNING - WARNING: Config missing, using defaults
2026-07-25 23:58:14 - ERROR - ERRORS: could not connect to DB
2026-07-26 00:26:17 - INFO - Starting Job
2026-07-26 00:26:17 - WARNING - WARNING: Config missing, using defaults
2026-07-26 00:26:17 - ERROR - ERRORS: could not connect to DB
2026-07-26 00:36:25 - INFO - Starting Job
2026-07-26 00:36:25 - WARNING - WARNING: Config missing, using defaults
2026-07-26 00:36:25 - ERROR - ERRORS: could not connect to DB
2026-07-26 01:18:04 - INFO - Starting Job
2026-07-26 01:18:04 - WARNING - WARNING: Config missing, using defaults
2026-07-26 01:18:04 - ERROR - ERRORS: could not connect to DB
2026-07-26 01:18:22 - INFO - Starting Job
2026-07-26 01:18:22 - WARNING - WARNING: Config missing, using defaults
2026-07-26 01:18:22 - ERROR - ERRORS: could not connect to DB
2026-07-26 01:19:39 - INFO-Starting Job
2026-07-26 01:19:39 - INFO - Starting Job
2026-07-26 01:19:39 - WARNING-WARNING: Config missing, using defaults
2026-07-26 01:19:39 - WARNING - WARNING: Config missing, using defaults
2026-07-26 01:19:39 - ERROR-ERRORS: could not connect to DB
2026-07-26 01:19:39 - ERROR - ERRORS: could not connect to DB
2026-07-26 01:19:48 - INFO-Starting Job
2026-07-26 01:19:48 - INFO - Starting Job
2026-07-26 01:19:48 - WARNING-WARNING: Config missing, using defaults
2026-07-26 01:19:48 - WARNING - WARNING: Config missing, using defaults
2026-07-26 01:19:48 - ERROR-ERRORS: could not connect to DB
2026-07-26 01:19:48 - ERROR - ERRORS: could not connect to DB
